// Jest Snapshot v1, https://goo.gl/fbAQLP

exports[`Indecision Component Should match the snapshot 1`] = `
<!--v-if-->
<div class="bg-dark"></div>
<div class="indecision-container"><input type="text" placeholder="Ask a question!">
  <p>Remember to end with a question mark: "?"</p>
  <!--v-if-->
</div>
`;
